// Jest Snapshot v1, https://goo.gl/fbAQLP

exports[`render Container initialy 1`] = `[Function]`;
