// Jest Snapshot v1, https://goo.gl/fbAQLP

exports[`render set of stories based on data array 1`] = `[Function]`;
