// Jest Snapshot v1, https://goo.gl/fbAQLP

exports[`render navigate button  1`] = `[Function]`;
