// Jest Snapshot v1, https://goo.gl/fbAQLP

exports[`render stories 1`] = `[Function]`;
